// Jest Snapshot v1, https://goo.gl/fbAQLP

exports[`<Button /> shallow rendering matches the snapshot 1`] = `
<a
  className="btn "
  href="#"
  onClick={[Function]}
/>
`;
